Val/Urban/images_png/3514.png	Val/Urban/masks_png/3514.png
Val/Urban/images_png/3515.png	Val/Urban/masks_png/3515.png
Val/Urban/images_png/3516.png	Val/Urban/masks_png/3516.png
Val/Urban/images_png/3517.png	Val/Urban/masks_png/3517.png
Val/Urban/images_png/3518.png	Val/Urban/masks_png/3518.png
Val/Urban/images_png/3519.png	Val/Urban/masks_png/3519.png
Val/Urban/images_png/3520.png	Val/Urban/masks_png/3520.png
Val/Urban/images_png/3521.png	Val/Urban/masks_png/3521.png
Val/Urban/images_png/3522.png	Val/Urban/masks_png/3522.png
Val/Urban/images_png/3523.png	Val/Urban/masks_png/3523.png
Val/Urban/images_png/3524.png	Val/Urban/masks_png/3524.png
Val/Urban/images_png/3525.png	Val/Urban/masks_png/3525.png
Val/Urban/images_png/3526.png	Val/Urban/masks_png/3526.png
Val/Urban/images_png/3527.png	Val/Urban/masks_png/3527.png
Val/Urban/images_png/3528.png	Val/Urban/masks_png/3528.png
Val/Urban/images_png/3529.png	Val/Urban/masks_png/3529.png
Val/Urban/images_png/3530.png	Val/Urban/masks_png/3530.png
Val/Urban/images_png/3531.png	Val/Urban/masks_png/3531.png
Val/Urban/images_png/3532.png	Val/Urban/masks_png/3532.png
Val/Urban/images_png/3533.png	Val/Urban/masks_png/3533.png
Val/Urban/images_png/3534.png	Val/Urban/masks_png/3534.png
Val/Urban/images_png/3535.png	Val/Urban/masks_png/3535.png
Val/Urban/images_png/3536.png	Val/Urban/masks_png/3536.png
Val/Urban/images_png/3537.png	Val/Urban/masks_png/3537.png
Val/Urban/images_png/3538.png	Val/Urban/masks_png/3538.png
Val/Urban/images_png/3539.png	Val/Urban/masks_png/3539.png
Val/Urban/images_png/3540.png	Val/Urban/masks_png/3540.png
Val/Urban/images_png/3541.png	Val/Urban/masks_png/3541.png
Val/Urban/images_png/3542.png	Val/Urban/masks_png/3542.png
Val/Urban/images_png/3543.png	Val/Urban/masks_png/3543.png
Val/Urban/images_png/3544.png	Val/Urban/masks_png/3544.png
Val/Urban/images_png/3545.png	Val/Urban/masks_png/3545.png
Val/Urban/images_png/3546.png	Val/Urban/masks_png/3546.png
Val/Urban/images_png/3547.png	Val/Urban/masks_png/3547.png
Val/Urban/images_png/3548.png	Val/Urban/masks_png/3548.png
Val/Urban/images_png/3549.png	Val/Urban/masks_png/3549.png
Val/Urban/images_png/3550.png	Val/Urban/masks_png/3550.png
Val/Urban/images_png/3551.png	Val/Urban/masks_png/3551.png
Val/Urban/images_png/3552.png	Val/Urban/masks_png/3552.png
Val/Urban/images_png/3553.png	Val/Urban/masks_png/3553.png
Val/Urban/images_png/3554.png	Val/Urban/masks_png/3554.png
Val/Urban/images_png/3555.png	Val/Urban/masks_png/3555.png
Val/Urban/images_png/3556.png	Val/Urban/masks_png/3556.png
Val/Urban/images_png/3557.png	Val/Urban/masks_png/3557.png
Val/Urban/images_png/3558.png	Val/Urban/masks_png/3558.png
Val/Urban/images_png/3559.png	Val/Urban/masks_png/3559.png
Val/Urban/images_png/3560.png	Val/Urban/masks_png/3560.png
Val/Urban/images_png/3561.png	Val/Urban/masks_png/3561.png
Val/Urban/images_png/3562.png	Val/Urban/masks_png/3562.png
Val/Urban/images_png/3563.png	Val/Urban/masks_png/3563.png
Val/Urban/images_png/3564.png	Val/Urban/masks_png/3564.png
Val/Urban/images_png/3565.png	Val/Urban/masks_png/3565.png
Val/Urban/images_png/3566.png	Val/Urban/masks_png/3566.png
Val/Urban/images_png/3567.png	Val/Urban/masks_png/3567.png
Val/Urban/images_png/3568.png	Val/Urban/masks_png/3568.png
Val/Urban/images_png/3569.png	Val/Urban/masks_png/3569.png
Val/Urban/images_png/3570.png	Val/Urban/masks_png/3570.png
Val/Urban/images_png/3571.png	Val/Urban/masks_png/3571.png
Val/Urban/images_png/3572.png	Val/Urban/masks_png/3572.png
Val/Urban/images_png/3573.png	Val/Urban/masks_png/3573.png
Val/Urban/images_png/3574.png	Val/Urban/masks_png/3574.png
Val/Urban/images_png/3575.png	Val/Urban/masks_png/3575.png
Val/Urban/images_png/3576.png	Val/Urban/masks_png/3576.png
Val/Urban/images_png/3577.png	Val/Urban/masks_png/3577.png
Val/Urban/images_png/3578.png	Val/Urban/masks_png/3578.png
Val/Urban/images_png/3579.png	Val/Urban/masks_png/3579.png
Val/Urban/images_png/3580.png	Val/Urban/masks_png/3580.png
Val/Urban/images_png/3581.png	Val/Urban/masks_png/3581.png
Val/Urban/images_png/3582.png	Val/Urban/masks_png/3582.png
Val/Urban/images_png/3583.png	Val/Urban/masks_png/3583.png
Val/Urban/images_png/3584.png	Val/Urban/masks_png/3584.png
Val/Urban/images_png/3585.png	Val/Urban/masks_png/3585.png
Val/Urban/images_png/3586.png	Val/Urban/masks_png/3586.png
Val/Urban/images_png/3587.png	Val/Urban/masks_png/3587.png
Val/Urban/images_png/3588.png	Val/Urban/masks_png/3588.png
Val/Urban/images_png/3589.png	Val/Urban/masks_png/3589.png
Val/Urban/images_png/3590.png	Val/Urban/masks_png/3590.png
Val/Urban/images_png/3591.png	Val/Urban/masks_png/3591.png
Val/Urban/images_png/3592.png	Val/Urban/masks_png/3592.png
Val/Urban/images_png/3593.png	Val/Urban/masks_png/3593.png
Val/Urban/images_png/3594.png	Val/Urban/masks_png/3594.png
Val/Urban/images_png/3595.png	Val/Urban/masks_png/3595.png
Val/Urban/images_png/3596.png	Val/Urban/masks_png/3596.png
Val/Urban/images_png/3597.png	Val/Urban/masks_png/3597.png
Val/Urban/images_png/3598.png	Val/Urban/masks_png/3598.png
Val/Urban/images_png/3599.png	Val/Urban/masks_png/3599.png
Val/Urban/images_png/3600.png	Val/Urban/masks_png/3600.png
Val/Urban/images_png/3601.png	Val/Urban/masks_png/3601.png
Val/Urban/images_png/3602.png	Val/Urban/masks_png/3602.png
Val/Urban/images_png/3603.png	Val/Urban/masks_png/3603.png
Val/Urban/images_png/3604.png	Val/Urban/masks_png/3604.png
Val/Urban/images_png/3605.png	Val/Urban/masks_png/3605.png
Val/Urban/images_png/3606.png	Val/Urban/masks_png/3606.png
Val/Urban/images_png/3607.png	Val/Urban/masks_png/3607.png
Val/Urban/images_png/3608.png	Val/Urban/masks_png/3608.png
Val/Urban/images_png/3609.png	Val/Urban/masks_png/3609.png
Val/Urban/images_png/3610.png	Val/Urban/masks_png/3610.png
Val/Urban/images_png/3611.png	Val/Urban/masks_png/3611.png
Val/Urban/images_png/3612.png	Val/Urban/masks_png/3612.png
Val/Urban/images_png/3613.png	Val/Urban/masks_png/3613.png
Val/Urban/images_png/3614.png	Val/Urban/masks_png/3614.png
Val/Urban/images_png/3615.png	Val/Urban/masks_png/3615.png
Val/Urban/images_png/3616.png	Val/Urban/masks_png/3616.png
Val/Urban/images_png/3617.png	Val/Urban/masks_png/3617.png
Val/Urban/images_png/3618.png	Val/Urban/masks_png/3618.png
Val/Urban/images_png/3619.png	Val/Urban/masks_png/3619.png
Val/Urban/images_png/3620.png	Val/Urban/masks_png/3620.png
Val/Urban/images_png/3621.png	Val/Urban/masks_png/3621.png
Val/Urban/images_png/3622.png	Val/Urban/masks_png/3622.png
Val/Urban/images_png/3623.png	Val/Urban/masks_png/3623.png
Val/Urban/images_png/3624.png	Val/Urban/masks_png/3624.png
Val/Urban/images_png/3625.png	Val/Urban/masks_png/3625.png
Val/Urban/images_png/3626.png	Val/Urban/masks_png/3626.png
Val/Urban/images_png/3627.png	Val/Urban/masks_png/3627.png
Val/Urban/images_png/3628.png	Val/Urban/masks_png/3628.png
Val/Urban/images_png/3629.png	Val/Urban/masks_png/3629.png
Val/Urban/images_png/3630.png	Val/Urban/masks_png/3630.png
Val/Urban/images_png/3631.png	Val/Urban/masks_png/3631.png
Val/Urban/images_png/3632.png	Val/Urban/masks_png/3632.png
Val/Urban/images_png/3633.png	Val/Urban/masks_png/3633.png
Val/Urban/images_png/3634.png	Val/Urban/masks_png/3634.png
Val/Urban/images_png/3635.png	Val/Urban/masks_png/3635.png
Val/Urban/images_png/3636.png	Val/Urban/masks_png/3636.png
Val/Urban/images_png/3637.png	Val/Urban/masks_png/3637.png
Val/Urban/images_png/3638.png	Val/Urban/masks_png/3638.png
Val/Urban/images_png/3639.png	Val/Urban/masks_png/3639.png
Val/Urban/images_png/3640.png	Val/Urban/masks_png/3640.png
Val/Urban/images_png/3641.png	Val/Urban/masks_png/3641.png
Val/Urban/images_png/3642.png	Val/Urban/masks_png/3642.png
Val/Urban/images_png/3643.png	Val/Urban/masks_png/3643.png
Val/Urban/images_png/3644.png	Val/Urban/masks_png/3644.png
Val/Urban/images_png/3645.png	Val/Urban/masks_png/3645.png
Val/Urban/images_png/3646.png	Val/Urban/masks_png/3646.png
Val/Urban/images_png/3647.png	Val/Urban/masks_png/3647.png
Val/Urban/images_png/3648.png	Val/Urban/masks_png/3648.png
Val/Urban/images_png/3649.png	Val/Urban/masks_png/3649.png
Val/Urban/images_png/3650.png	Val/Urban/masks_png/3650.png
Val/Urban/images_png/3651.png	Val/Urban/masks_png/3651.png
Val/Urban/images_png/3652.png	Val/Urban/masks_png/3652.png
Val/Urban/images_png/3653.png	Val/Urban/masks_png/3653.png
Val/Urban/images_png/3654.png	Val/Urban/masks_png/3654.png
Val/Urban/images_png/3655.png	Val/Urban/masks_png/3655.png
Val/Urban/images_png/3656.png	Val/Urban/masks_png/3656.png
Val/Urban/images_png/3657.png	Val/Urban/masks_png/3657.png
Val/Urban/images_png/3658.png	Val/Urban/masks_png/3658.png
Val/Urban/images_png/3659.png	Val/Urban/masks_png/3659.png
Val/Urban/images_png/3660.png	Val/Urban/masks_png/3660.png
Val/Urban/images_png/3661.png	Val/Urban/masks_png/3661.png
Val/Urban/images_png/3662.png	Val/Urban/masks_png/3662.png
Val/Urban/images_png/3663.png	Val/Urban/masks_png/3663.png
Val/Urban/images_png/3664.png	Val/Urban/masks_png/3664.png
Val/Urban/images_png/3665.png	Val/Urban/masks_png/3665.png
Val/Urban/images_png/3666.png	Val/Urban/masks_png/3666.png
Val/Urban/images_png/3667.png	Val/Urban/masks_png/3667.png
Val/Urban/images_png/3668.png	Val/Urban/masks_png/3668.png
Val/Urban/images_png/3669.png	Val/Urban/masks_png/3669.png
Val/Urban/images_png/3670.png	Val/Urban/masks_png/3670.png
Val/Urban/images_png/3671.png	Val/Urban/masks_png/3671.png
Val/Urban/images_png/3672.png	Val/Urban/masks_png/3672.png
Val/Urban/images_png/3673.png	Val/Urban/masks_png/3673.png
Val/Urban/images_png/3674.png	Val/Urban/masks_png/3674.png
Val/Urban/images_png/3675.png	Val/Urban/masks_png/3675.png
Val/Urban/images_png/3676.png	Val/Urban/masks_png/3676.png
Val/Urban/images_png/3677.png	Val/Urban/masks_png/3677.png
Val/Urban/images_png/3678.png	Val/Urban/masks_png/3678.png
Val/Urban/images_png/3679.png	Val/Urban/masks_png/3679.png
Val/Urban/images_png/3680.png	Val/Urban/masks_png/3680.png
Val/Urban/images_png/3681.png	Val/Urban/masks_png/3681.png
Val/Urban/images_png/3682.png	Val/Urban/masks_png/3682.png
Val/Urban/images_png/3683.png	Val/Urban/masks_png/3683.png
Val/Urban/images_png/3684.png	Val/Urban/masks_png/3684.png
Val/Urban/images_png/3685.png	Val/Urban/masks_png/3685.png
Val/Urban/images_png/3686.png	Val/Urban/masks_png/3686.png
Val/Urban/images_png/3687.png	Val/Urban/masks_png/3687.png
Val/Urban/images_png/3688.png	Val/Urban/masks_png/3688.png
Val/Urban/images_png/3689.png	Val/Urban/masks_png/3689.png
Val/Urban/images_png/3690.png	Val/Urban/masks_png/3690.png
Val/Urban/images_png/3691.png	Val/Urban/masks_png/3691.png
Val/Urban/images_png/3692.png	Val/Urban/masks_png/3692.png
Val/Urban/images_png/3693.png	Val/Urban/masks_png/3693.png
Val/Urban/images_png/3694.png	Val/Urban/masks_png/3694.png
Val/Urban/images_png/3695.png	Val/Urban/masks_png/3695.png
Val/Urban/images_png/3696.png	Val/Urban/masks_png/3696.png
Val/Urban/images_png/3697.png	Val/Urban/masks_png/3697.png
Val/Urban/images_png/3698.png	Val/Urban/masks_png/3698.png
Val/Urban/images_png/3699.png	Val/Urban/masks_png/3699.png
Val/Urban/images_png/3700.png	Val/Urban/masks_png/3700.png
Val/Urban/images_png/3701.png	Val/Urban/masks_png/3701.png
Val/Urban/images_png/3702.png	Val/Urban/masks_png/3702.png
Val/Urban/images_png/3703.png	Val/Urban/masks_png/3703.png
Val/Urban/images_png/3704.png	Val/Urban/masks_png/3704.png
Val/Urban/images_png/3705.png	Val/Urban/masks_png/3705.png
Val/Urban/images_png/3706.png	Val/Urban/masks_png/3706.png
Val/Urban/images_png/3707.png	Val/Urban/masks_png/3707.png
Val/Urban/images_png/3708.png	Val/Urban/masks_png/3708.png
Val/Urban/images_png/3709.png	Val/Urban/masks_png/3709.png
Val/Urban/images_png/3710.png	Val/Urban/masks_png/3710.png
Val/Urban/images_png/3711.png	Val/Urban/masks_png/3711.png
Val/Urban/images_png/3712.png	Val/Urban/masks_png/3712.png
Val/Urban/images_png/3713.png	Val/Urban/masks_png/3713.png
Val/Urban/images_png/3714.png	Val/Urban/masks_png/3714.png
Val/Urban/images_png/3715.png	Val/Urban/masks_png/3715.png
Val/Urban/images_png/3716.png	Val/Urban/masks_png/3716.png
Val/Urban/images_png/3717.png	Val/Urban/masks_png/3717.png
Val/Urban/images_png/3718.png	Val/Urban/masks_png/3718.png
Val/Urban/images_png/3719.png	Val/Urban/masks_png/3719.png
Val/Urban/images_png/3720.png	Val/Urban/masks_png/3720.png
Val/Urban/images_png/3721.png	Val/Urban/masks_png/3721.png
Val/Urban/images_png/3722.png	Val/Urban/masks_png/3722.png
Val/Urban/images_png/3723.png	Val/Urban/masks_png/3723.png
Val/Urban/images_png/3724.png	Val/Urban/masks_png/3724.png
Val/Urban/images_png/3725.png	Val/Urban/masks_png/3725.png
Val/Urban/images_png/3726.png	Val/Urban/masks_png/3726.png
Val/Urban/images_png/3727.png	Val/Urban/masks_png/3727.png
Val/Urban/images_png/3728.png	Val/Urban/masks_png/3728.png
Val/Urban/images_png/3729.png	Val/Urban/masks_png/3729.png
Val/Urban/images_png/3730.png	Val/Urban/masks_png/3730.png
Val/Urban/images_png/3731.png	Val/Urban/masks_png/3731.png
Val/Urban/images_png/3732.png	Val/Urban/masks_png/3732.png
Val/Urban/images_png/3733.png	Val/Urban/masks_png/3733.png
Val/Urban/images_png/3734.png	Val/Urban/masks_png/3734.png
Val/Urban/images_png/3735.png	Val/Urban/masks_png/3735.png
Val/Urban/images_png/3736.png	Val/Urban/masks_png/3736.png
Val/Urban/images_png/3737.png	Val/Urban/masks_png/3737.png
Val/Urban/images_png/3738.png	Val/Urban/masks_png/3738.png
Val/Urban/images_png/3739.png	Val/Urban/masks_png/3739.png
Val/Urban/images_png/3740.png	Val/Urban/masks_png/3740.png
Val/Urban/images_png/3741.png	Val/Urban/masks_png/3741.png
Val/Urban/images_png/3742.png	Val/Urban/masks_png/3742.png
Val/Urban/images_png/3743.png	Val/Urban/masks_png/3743.png
Val/Urban/images_png/3744.png	Val/Urban/masks_png/3744.png
Val/Urban/images_png/3745.png	Val/Urban/masks_png/3745.png
Val/Urban/images_png/3746.png	Val/Urban/masks_png/3746.png
Val/Urban/images_png/3747.png	Val/Urban/masks_png/3747.png
Val/Urban/images_png/3748.png	Val/Urban/masks_png/3748.png
Val/Urban/images_png/3749.png	Val/Urban/masks_png/3749.png
Val/Urban/images_png/3750.png	Val/Urban/masks_png/3750.png
Val/Urban/images_png/3751.png	Val/Urban/masks_png/3751.png
Val/Urban/images_png/3752.png	Val/Urban/masks_png/3752.png
Val/Urban/images_png/3753.png	Val/Urban/masks_png/3753.png
Val/Urban/images_png/3754.png	Val/Urban/masks_png/3754.png
Val/Urban/images_png/3755.png	Val/Urban/masks_png/3755.png
Val/Urban/images_png/3756.png	Val/Urban/masks_png/3756.png
Val/Urban/images_png/3757.png	Val/Urban/masks_png/3757.png
Val/Urban/images_png/3758.png	Val/Urban/masks_png/3758.png
Val/Urban/images_png/3759.png	Val/Urban/masks_png/3759.png
Val/Urban/images_png/3760.png	Val/Urban/masks_png/3760.png
Val/Urban/images_png/3761.png	Val/Urban/masks_png/3761.png
Val/Urban/images_png/3762.png	Val/Urban/masks_png/3762.png
Val/Urban/images_png/3763.png	Val/Urban/masks_png/3763.png
Val/Urban/images_png/3764.png	Val/Urban/masks_png/3764.png
Val/Urban/images_png/3765.png	Val/Urban/masks_png/3765.png
Val/Urban/images_png/3766.png	Val/Urban/masks_png/3766.png
Val/Urban/images_png/3767.png	Val/Urban/masks_png/3767.png
Val/Urban/images_png/3768.png	Val/Urban/masks_png/3768.png
Val/Urban/images_png/3769.png	Val/Urban/masks_png/3769.png
Val/Urban/images_png/3770.png	Val/Urban/masks_png/3770.png
Val/Urban/images_png/3771.png	Val/Urban/masks_png/3771.png
Val/Urban/images_png/3772.png	Val/Urban/masks_png/3772.png
Val/Urban/images_png/3773.png	Val/Urban/masks_png/3773.png
Val/Urban/images_png/3774.png	Val/Urban/masks_png/3774.png
Val/Urban/images_png/3775.png	Val/Urban/masks_png/3775.png
Val/Urban/images_png/3776.png	Val/Urban/masks_png/3776.png
Val/Urban/images_png/3777.png	Val/Urban/masks_png/3777.png
Val/Urban/images_png/3778.png	Val/Urban/masks_png/3778.png
Val/Urban/images_png/3779.png	Val/Urban/masks_png/3779.png
Val/Urban/images_png/3780.png	Val/Urban/masks_png/3780.png
Val/Urban/images_png/3781.png	Val/Urban/masks_png/3781.png
Val/Urban/images_png/3782.png	Val/Urban/masks_png/3782.png
Val/Urban/images_png/3783.png	Val/Urban/masks_png/3783.png
Val/Urban/images_png/3784.png	Val/Urban/masks_png/3784.png
Val/Urban/images_png/3785.png	Val/Urban/masks_png/3785.png
Val/Urban/images_png/3786.png	Val/Urban/masks_png/3786.png
Val/Urban/images_png/3787.png	Val/Urban/masks_png/3787.png
Val/Urban/images_png/3788.png	Val/Urban/masks_png/3788.png
Val/Urban/images_png/3789.png	Val/Urban/masks_png/3789.png
Val/Urban/images_png/3790.png	Val/Urban/masks_png/3790.png
Val/Urban/images_png/3791.png	Val/Urban/masks_png/3791.png
Val/Urban/images_png/3792.png	Val/Urban/masks_png/3792.png
Val/Urban/images_png/3793.png	Val/Urban/masks_png/3793.png
Val/Urban/images_png/3794.png	Val/Urban/masks_png/3794.png
Val/Urban/images_png/3795.png	Val/Urban/masks_png/3795.png
Val/Urban/images_png/3796.png	Val/Urban/masks_png/3796.png
Val/Urban/images_png/3797.png	Val/Urban/masks_png/3797.png
Val/Urban/images_png/3798.png	Val/Urban/masks_png/3798.png
Val/Urban/images_png/3799.png	Val/Urban/masks_png/3799.png
Val/Urban/images_png/3800.png	Val/Urban/masks_png/3800.png
Val/Urban/images_png/3801.png	Val/Urban/masks_png/3801.png
Val/Urban/images_png/3802.png	Val/Urban/masks_png/3802.png
Val/Urban/images_png/3803.png	Val/Urban/masks_png/3803.png
Val/Urban/images_png/3804.png	Val/Urban/masks_png/3804.png
Val/Urban/images_png/3805.png	Val/Urban/masks_png/3805.png
Val/Urban/images_png/3806.png	Val/Urban/masks_png/3806.png
Val/Urban/images_png/3807.png	Val/Urban/masks_png/3807.png
Val/Urban/images_png/3808.png	Val/Urban/masks_png/3808.png
Val/Urban/images_png/3809.png	Val/Urban/masks_png/3809.png
Val/Urban/images_png/3810.png	Val/Urban/masks_png/3810.png
Val/Urban/images_png/3811.png	Val/Urban/masks_png/3811.png
Val/Urban/images_png/3812.png	Val/Urban/masks_png/3812.png
Val/Urban/images_png/3813.png	Val/Urban/masks_png/3813.png
Val/Urban/images_png/3814.png	Val/Urban/masks_png/3814.png
Val/Urban/images_png/3815.png	Val/Urban/masks_png/3815.png
Val/Urban/images_png/3816.png	Val/Urban/masks_png/3816.png
Val/Urban/images_png/3817.png	Val/Urban/masks_png/3817.png
Val/Urban/images_png/3818.png	Val/Urban/masks_png/3818.png
Val/Urban/images_png/3819.png	Val/Urban/masks_png/3819.png
Val/Urban/images_png/3820.png	Val/Urban/masks_png/3820.png
Val/Urban/images_png/3821.png	Val/Urban/masks_png/3821.png
Val/Urban/images_png/3822.png	Val/Urban/masks_png/3822.png
Val/Urban/images_png/3823.png	Val/Urban/masks_png/3823.png
Val/Urban/images_png/3824.png	Val/Urban/masks_png/3824.png
Val/Urban/images_png/3825.png	Val/Urban/masks_png/3825.png
Val/Urban/images_png/3826.png	Val/Urban/masks_png/3826.png
Val/Urban/images_png/3827.png	Val/Urban/masks_png/3827.png
Val/Urban/images_png/3828.png	Val/Urban/masks_png/3828.png
Val/Urban/images_png/3829.png	Val/Urban/masks_png/3829.png
Val/Urban/images_png/3830.png	Val/Urban/masks_png/3830.png
Val/Urban/images_png/3831.png	Val/Urban/masks_png/3831.png
Val/Urban/images_png/3832.png	Val/Urban/masks_png/3832.png
Val/Urban/images_png/3833.png	Val/Urban/masks_png/3833.png
Val/Urban/images_png/3834.png	Val/Urban/masks_png/3834.png
Val/Urban/images_png/3835.png	Val/Urban/masks_png/3835.png
Val/Urban/images_png/3836.png	Val/Urban/masks_png/3836.png
Val/Urban/images_png/3837.png	Val/Urban/masks_png/3837.png
Val/Urban/images_png/3838.png	Val/Urban/masks_png/3838.png
Val/Urban/images_png/3839.png	Val/Urban/masks_png/3839.png
Val/Urban/images_png/3840.png	Val/Urban/masks_png/3840.png
Val/Urban/images_png/3841.png	Val/Urban/masks_png/3841.png
Val/Urban/images_png/3842.png	Val/Urban/masks_png/3842.png
Val/Urban/images_png/3843.png	Val/Urban/masks_png/3843.png
Val/Urban/images_png/3844.png	Val/Urban/masks_png/3844.png
Val/Urban/images_png/3845.png	Val/Urban/masks_png/3845.png
Val/Urban/images_png/3846.png	Val/Urban/masks_png/3846.png
Val/Urban/images_png/3847.png	Val/Urban/masks_png/3847.png
Val/Urban/images_png/3848.png	Val/Urban/masks_png/3848.png
Val/Urban/images_png/3849.png	Val/Urban/masks_png/3849.png
Val/Urban/images_png/3850.png	Val/Urban/masks_png/3850.png
Val/Urban/images_png/3851.png	Val/Urban/masks_png/3851.png
Val/Urban/images_png/3852.png	Val/Urban/masks_png/3852.png
Val/Urban/images_png/3853.png	Val/Urban/masks_png/3853.png
Val/Urban/images_png/3854.png	Val/Urban/masks_png/3854.png
Val/Urban/images_png/3855.png	Val/Urban/masks_png/3855.png
Val/Urban/images_png/3856.png	Val/Urban/masks_png/3856.png
Val/Urban/images_png/3857.png	Val/Urban/masks_png/3857.png
Val/Urban/images_png/3858.png	Val/Urban/masks_png/3858.png
Val/Urban/images_png/3859.png	Val/Urban/masks_png/3859.png
Val/Urban/images_png/3860.png	Val/Urban/masks_png/3860.png
Val/Urban/images_png/3861.png	Val/Urban/masks_png/3861.png
Val/Urban/images_png/3862.png	Val/Urban/masks_png/3862.png
Val/Urban/images_png/3863.png	Val/Urban/masks_png/3863.png
Val/Urban/images_png/3864.png	Val/Urban/masks_png/3864.png
Val/Urban/images_png/3865.png	Val/Urban/masks_png/3865.png
Val/Urban/images_png/3866.png	Val/Urban/masks_png/3866.png
Val/Urban/images_png/3867.png	Val/Urban/masks_png/3867.png
Val/Urban/images_png/3868.png	Val/Urban/masks_png/3868.png
Val/Urban/images_png/3869.png	Val/Urban/masks_png/3869.png
Val/Urban/images_png/3870.png	Val/Urban/masks_png/3870.png
Val/Urban/images_png/3871.png	Val/Urban/masks_png/3871.png
Val/Urban/images_png/3872.png	Val/Urban/masks_png/3872.png
Val/Urban/images_png/3873.png	Val/Urban/masks_png/3873.png
Val/Urban/images_png/3874.png	Val/Urban/masks_png/3874.png
Val/Urban/images_png/3875.png	Val/Urban/masks_png/3875.png
Val/Urban/images_png/3876.png	Val/Urban/masks_png/3876.png
Val/Urban/images_png/3877.png	Val/Urban/masks_png/3877.png
Val/Urban/images_png/3878.png	Val/Urban/masks_png/3878.png
Val/Urban/images_png/3879.png	Val/Urban/masks_png/3879.png
Val/Urban/images_png/3880.png	Val/Urban/masks_png/3880.png
Val/Urban/images_png/3881.png	Val/Urban/masks_png/3881.png
Val/Urban/images_png/3882.png	Val/Urban/masks_png/3882.png
Val/Urban/images_png/3883.png	Val/Urban/masks_png/3883.png
Val/Urban/images_png/3884.png	Val/Urban/masks_png/3884.png
Val/Urban/images_png/3885.png	Val/Urban/masks_png/3885.png
Val/Urban/images_png/3886.png	Val/Urban/masks_png/3886.png
Val/Urban/images_png/3887.png	Val/Urban/masks_png/3887.png
Val/Urban/images_png/3888.png	Val/Urban/masks_png/3888.png
Val/Urban/images_png/3889.png	Val/Urban/masks_png/3889.png
Val/Urban/images_png/3890.png	Val/Urban/masks_png/3890.png
Val/Urban/images_png/3891.png	Val/Urban/masks_png/3891.png
Val/Urban/images_png/3892.png	Val/Urban/masks_png/3892.png
Val/Urban/images_png/3893.png	Val/Urban/masks_png/3893.png
Val/Urban/images_png/3894.png	Val/Urban/masks_png/3894.png
Val/Urban/images_png/3895.png	Val/Urban/masks_png/3895.png
Val/Urban/images_png/3896.png	Val/Urban/masks_png/3896.png
Val/Urban/images_png/3897.png	Val/Urban/masks_png/3897.png
Val/Urban/images_png/3898.png	Val/Urban/masks_png/3898.png
Val/Urban/images_png/3899.png	Val/Urban/masks_png/3899.png
Val/Urban/images_png/3900.png	Val/Urban/masks_png/3900.png
Val/Urban/images_png/3901.png	Val/Urban/masks_png/3901.png
Val/Urban/images_png/3902.png	Val/Urban/masks_png/3902.png
Val/Urban/images_png/3903.png	Val/Urban/masks_png/3903.png
Val/Urban/images_png/3904.png	Val/Urban/masks_png/3904.png
Val/Urban/images_png/3905.png	Val/Urban/masks_png/3905.png
Val/Urban/images_png/3906.png	Val/Urban/masks_png/3906.png
Val/Urban/images_png/3907.png	Val/Urban/masks_png/3907.png
Val/Urban/images_png/3908.png	Val/Urban/masks_png/3908.png
Val/Urban/images_png/3909.png	Val/Urban/masks_png/3909.png
Val/Urban/images_png/3910.png	Val/Urban/masks_png/3910.png
Val/Urban/images_png/3911.png	Val/Urban/masks_png/3911.png
Val/Urban/images_png/3912.png	Val/Urban/masks_png/3912.png
Val/Urban/images_png/3913.png	Val/Urban/masks_png/3913.png
Val/Urban/images_png/3914.png	Val/Urban/masks_png/3914.png
Val/Urban/images_png/3915.png	Val/Urban/masks_png/3915.png
Val/Urban/images_png/3916.png	Val/Urban/masks_png/3916.png
Val/Urban/images_png/3917.png	Val/Urban/masks_png/3917.png
Val/Urban/images_png/3918.png	Val/Urban/masks_png/3918.png
Val/Urban/images_png/3919.png	Val/Urban/masks_png/3919.png
Val/Urban/images_png/3920.png	Val/Urban/masks_png/3920.png
Val/Urban/images_png/3921.png	Val/Urban/masks_png/3921.png
Val/Urban/images_png/3922.png	Val/Urban/masks_png/3922.png
Val/Urban/images_png/3923.png	Val/Urban/masks_png/3923.png
Val/Urban/images_png/3924.png	Val/Urban/masks_png/3924.png
Val/Urban/images_png/3925.png	Val/Urban/masks_png/3925.png
Val/Urban/images_png/3926.png	Val/Urban/masks_png/3926.png
Val/Urban/images_png/3927.png	Val/Urban/masks_png/3927.png
Val/Urban/images_png/3928.png	Val/Urban/masks_png/3928.png
Val/Urban/images_png/3929.png	Val/Urban/masks_png/3929.png
Val/Urban/images_png/3930.png	Val/Urban/masks_png/3930.png
Val/Urban/images_png/3931.png	Val/Urban/masks_png/3931.png
Val/Urban/images_png/3932.png	Val/Urban/masks_png/3932.png
Val/Urban/images_png/3933.png	Val/Urban/masks_png/3933.png
Val/Urban/images_png/3934.png	Val/Urban/masks_png/3934.png
Val/Urban/images_png/3935.png	Val/Urban/masks_png/3935.png
Val/Urban/images_png/3936.png	Val/Urban/masks_png/3936.png
Val/Urban/images_png/3937.png	Val/Urban/masks_png/3937.png
Val/Urban/images_png/3938.png	Val/Urban/masks_png/3938.png
Val/Urban/images_png/3939.png	Val/Urban/masks_png/3939.png
Val/Urban/images_png/3940.png	Val/Urban/masks_png/3940.png
Val/Urban/images_png/3941.png	Val/Urban/masks_png/3941.png
Val/Urban/images_png/3942.png	Val/Urban/masks_png/3942.png
Val/Urban/images_png/3943.png	Val/Urban/masks_png/3943.png
Val/Urban/images_png/3944.png	Val/Urban/masks_png/3944.png
Val/Urban/images_png/3945.png	Val/Urban/masks_png/3945.png
Val/Urban/images_png/3946.png	Val/Urban/masks_png/3946.png
Val/Urban/images_png/3947.png	Val/Urban/masks_png/3947.png
Val/Urban/images_png/3948.png	Val/Urban/masks_png/3948.png
Val/Urban/images_png/3949.png	Val/Urban/masks_png/3949.png
Val/Urban/images_png/3950.png	Val/Urban/masks_png/3950.png
Val/Urban/images_png/3951.png	Val/Urban/masks_png/3951.png
Val/Urban/images_png/3952.png	Val/Urban/masks_png/3952.png
Val/Urban/images_png/3953.png	Val/Urban/masks_png/3953.png
Val/Urban/images_png/3954.png	Val/Urban/masks_png/3954.png
Val/Urban/images_png/3955.png	Val/Urban/masks_png/3955.png
Val/Urban/images_png/3956.png	Val/Urban/masks_png/3956.png
Val/Urban/images_png/3957.png	Val/Urban/masks_png/3957.png
Val/Urban/images_png/3958.png	Val/Urban/masks_png/3958.png
Val/Urban/images_png/3959.png	Val/Urban/masks_png/3959.png
Val/Urban/images_png/3960.png	Val/Urban/masks_png/3960.png
Val/Urban/images_png/3961.png	Val/Urban/masks_png/3961.png
Val/Urban/images_png/3962.png	Val/Urban/masks_png/3962.png
Val/Urban/images_png/3963.png	Val/Urban/masks_png/3963.png
Val/Urban/images_png/3964.png	Val/Urban/masks_png/3964.png
Val/Urban/images_png/3965.png	Val/Urban/masks_png/3965.png
Val/Urban/images_png/3966.png	Val/Urban/masks_png/3966.png
Val/Urban/images_png/3967.png	Val/Urban/masks_png/3967.png
Val/Urban/images_png/3968.png	Val/Urban/masks_png/3968.png
Val/Urban/images_png/3969.png	Val/Urban/masks_png/3969.png
Val/Urban/images_png/3970.png	Val/Urban/masks_png/3970.png
Val/Urban/images_png/3971.png	Val/Urban/masks_png/3971.png
Val/Urban/images_png/3972.png	Val/Urban/masks_png/3972.png
Val/Urban/images_png/3973.png	Val/Urban/masks_png/3973.png
Val/Urban/images_png/3974.png	Val/Urban/masks_png/3974.png
Val/Urban/images_png/3975.png	Val/Urban/masks_png/3975.png
Val/Urban/images_png/3976.png	Val/Urban/masks_png/3976.png
Val/Urban/images_png/3977.png	Val/Urban/masks_png/3977.png
Val/Urban/images_png/3978.png	Val/Urban/masks_png/3978.png
Val/Urban/images_png/3979.png	Val/Urban/masks_png/3979.png
Val/Urban/images_png/3980.png	Val/Urban/masks_png/3980.png
Val/Urban/images_png/3981.png	Val/Urban/masks_png/3981.png
Val/Urban/images_png/3982.png	Val/Urban/masks_png/3982.png
Val/Urban/images_png/3983.png	Val/Urban/masks_png/3983.png
Val/Urban/images_png/3984.png	Val/Urban/masks_png/3984.png
Val/Urban/images_png/3985.png	Val/Urban/masks_png/3985.png
Val/Urban/images_png/3986.png	Val/Urban/masks_png/3986.png
Val/Urban/images_png/3987.png	Val/Urban/masks_png/3987.png
Val/Urban/images_png/3988.png	Val/Urban/masks_png/3988.png
Val/Urban/images_png/3989.png	Val/Urban/masks_png/3989.png
Val/Urban/images_png/3990.png	Val/Urban/masks_png/3990.png
Val/Urban/images_png/3991.png	Val/Urban/masks_png/3991.png
Val/Urban/images_png/3992.png	Val/Urban/masks_png/3992.png
Val/Urban/images_png/3993.png	Val/Urban/masks_png/3993.png
Val/Urban/images_png/3994.png	Val/Urban/masks_png/3994.png
Val/Urban/images_png/3995.png	Val/Urban/masks_png/3995.png
Val/Urban/images_png/3996.png	Val/Urban/masks_png/3996.png
Val/Urban/images_png/3997.png	Val/Urban/masks_png/3997.png
Val/Urban/images_png/3998.png	Val/Urban/masks_png/3998.png
Val/Urban/images_png/3999.png	Val/Urban/masks_png/3999.png
Val/Urban/images_png/4000.png	Val/Urban/masks_png/4000.png
Val/Urban/images_png/4001.png	Val/Urban/masks_png/4001.png
Val/Urban/images_png/4002.png	Val/Urban/masks_png/4002.png
Val/Urban/images_png/4003.png	Val/Urban/masks_png/4003.png
Val/Urban/images_png/4004.png	Val/Urban/masks_png/4004.png
Val/Urban/images_png/4005.png	Val/Urban/masks_png/4005.png
Val/Urban/images_png/4006.png	Val/Urban/masks_png/4006.png
Val/Urban/images_png/4007.png	Val/Urban/masks_png/4007.png
Val/Urban/images_png/4008.png	Val/Urban/masks_png/4008.png
Val/Urban/images_png/4009.png	Val/Urban/masks_png/4009.png
Val/Urban/images_png/4010.png	Val/Urban/masks_png/4010.png
Val/Urban/images_png/4011.png	Val/Urban/masks_png/4011.png
Val/Urban/images_png/4012.png	Val/Urban/masks_png/4012.png
Val/Urban/images_png/4013.png	Val/Urban/masks_png/4013.png
Val/Urban/images_png/4014.png	Val/Urban/masks_png/4014.png
Val/Urban/images_png/4015.png	Val/Urban/masks_png/4015.png
Val/Urban/images_png/4016.png	Val/Urban/masks_png/4016.png
Val/Urban/images_png/4017.png	Val/Urban/masks_png/4017.png
Val/Urban/images_png/4018.png	Val/Urban/masks_png/4018.png
Val/Urban/images_png/4019.png	Val/Urban/masks_png/4019.png
Val/Urban/images_png/4020.png	Val/Urban/masks_png/4020.png
Val/Urban/images_png/4021.png	Val/Urban/masks_png/4021.png
Val/Urban/images_png/4022.png	Val/Urban/masks_png/4022.png
Val/Urban/images_png/4023.png	Val/Urban/masks_png/4023.png
Val/Urban/images_png/4024.png	Val/Urban/masks_png/4024.png
Val/Urban/images_png/4025.png	Val/Urban/masks_png/4025.png
Val/Urban/images_png/4026.png	Val/Urban/masks_png/4026.png
Val/Urban/images_png/4027.png	Val/Urban/masks_png/4027.png
Val/Urban/images_png/4028.png	Val/Urban/masks_png/4028.png
Val/Urban/images_png/4029.png	Val/Urban/masks_png/4029.png
Val/Urban/images_png/4030.png	Val/Urban/masks_png/4030.png
Val/Urban/images_png/4031.png	Val/Urban/masks_png/4031.png
Val/Urban/images_png/4032.png	Val/Urban/masks_png/4032.png
Val/Urban/images_png/4033.png	Val/Urban/masks_png/4033.png
Val/Urban/images_png/4034.png	Val/Urban/masks_png/4034.png
Val/Urban/images_png/4035.png	Val/Urban/masks_png/4035.png
Val/Urban/images_png/4036.png	Val/Urban/masks_png/4036.png
Val/Urban/images_png/4037.png	Val/Urban/masks_png/4037.png
Val/Urban/images_png/4038.png	Val/Urban/masks_png/4038.png
Val/Urban/images_png/4039.png	Val/Urban/masks_png/4039.png
Val/Urban/images_png/4040.png	Val/Urban/masks_png/4040.png
Val/Urban/images_png/4041.png	Val/Urban/masks_png/4041.png
Val/Urban/images_png/4042.png	Val/Urban/masks_png/4042.png
Val/Urban/images_png/4043.png	Val/Urban/masks_png/4043.png
Val/Urban/images_png/4044.png	Val/Urban/masks_png/4044.png
Val/Urban/images_png/4045.png	Val/Urban/masks_png/4045.png
Val/Urban/images_png/4046.png	Val/Urban/masks_png/4046.png
Val/Urban/images_png/4047.png	Val/Urban/masks_png/4047.png
Val/Urban/images_png/4048.png	Val/Urban/masks_png/4048.png
Val/Urban/images_png/4049.png	Val/Urban/masks_png/4049.png
Val/Urban/images_png/4050.png	Val/Urban/masks_png/4050.png
Val/Urban/images_png/4051.png	Val/Urban/masks_png/4051.png
Val/Urban/images_png/4052.png	Val/Urban/masks_png/4052.png
Val/Urban/images_png/4053.png	Val/Urban/masks_png/4053.png
Val/Urban/images_png/4054.png	Val/Urban/masks_png/4054.png
Val/Urban/images_png/4055.png	Val/Urban/masks_png/4055.png
Val/Urban/images_png/4056.png	Val/Urban/masks_png/4056.png
Val/Urban/images_png/4057.png	Val/Urban/masks_png/4057.png
Val/Urban/images_png/4058.png	Val/Urban/masks_png/4058.png
Val/Urban/images_png/4059.png	Val/Urban/masks_png/4059.png
Val/Urban/images_png/4060.png	Val/Urban/masks_png/4060.png
Val/Urban/images_png/4061.png	Val/Urban/masks_png/4061.png
Val/Urban/images_png/4062.png	Val/Urban/masks_png/4062.png
Val/Urban/images_png/4063.png	Val/Urban/masks_png/4063.png
Val/Urban/images_png/4064.png	Val/Urban/masks_png/4064.png
Val/Urban/images_png/4065.png	Val/Urban/masks_png/4065.png
Val/Urban/images_png/4066.png	Val/Urban/masks_png/4066.png
Val/Urban/images_png/4067.png	Val/Urban/masks_png/4067.png
Val/Urban/images_png/4068.png	Val/Urban/masks_png/4068.png
Val/Urban/images_png/4069.png	Val/Urban/masks_png/4069.png
Val/Urban/images_png/4070.png	Val/Urban/masks_png/4070.png
Val/Urban/images_png/4071.png	Val/Urban/masks_png/4071.png
Val/Urban/images_png/4072.png	Val/Urban/masks_png/4072.png
Val/Urban/images_png/4073.png	Val/Urban/masks_png/4073.png
Val/Urban/images_png/4074.png	Val/Urban/masks_png/4074.png
Val/Urban/images_png/4075.png	Val/Urban/masks_png/4075.png
Val/Urban/images_png/4076.png	Val/Urban/masks_png/4076.png
Val/Urban/images_png/4077.png	Val/Urban/masks_png/4077.png
Val/Urban/images_png/4078.png	Val/Urban/masks_png/4078.png
Val/Urban/images_png/4079.png	Val/Urban/masks_png/4079.png
Val/Urban/images_png/4080.png	Val/Urban/masks_png/4080.png
Val/Urban/images_png/4081.png	Val/Urban/masks_png/4081.png
Val/Urban/images_png/4082.png	Val/Urban/masks_png/4082.png
Val/Urban/images_png/4083.png	Val/Urban/masks_png/4083.png
Val/Urban/images_png/4084.png	Val/Urban/masks_png/4084.png
Val/Urban/images_png/4085.png	Val/Urban/masks_png/4085.png
Val/Urban/images_png/4086.png	Val/Urban/masks_png/4086.png
Val/Urban/images_png/4087.png	Val/Urban/masks_png/4087.png
Val/Urban/images_png/4088.png	Val/Urban/masks_png/4088.png
Val/Urban/images_png/4089.png	Val/Urban/masks_png/4089.png
Val/Urban/images_png/4090.png	Val/Urban/masks_png/4090.png
Val/Urban/images_png/4091.png	Val/Urban/masks_png/4091.png
Val/Urban/images_png/4092.png	Val/Urban/masks_png/4092.png
Val/Urban/images_png/4093.png	Val/Urban/masks_png/4093.png
Val/Urban/images_png/4094.png	Val/Urban/masks_png/4094.png
Val/Urban/images_png/4095.png	Val/Urban/masks_png/4095.png
Val/Urban/images_png/4096.png	Val/Urban/masks_png/4096.png
Val/Urban/images_png/4097.png	Val/Urban/masks_png/4097.png
Val/Urban/images_png/4098.png	Val/Urban/masks_png/4098.png
Val/Urban/images_png/4099.png	Val/Urban/masks_png/4099.png
Val/Urban/images_png/4100.png	Val/Urban/masks_png/4100.png
Val/Urban/images_png/4101.png	Val/Urban/masks_png/4101.png
Val/Urban/images_png/4102.png	Val/Urban/masks_png/4102.png
Val/Urban/images_png/4103.png	Val/Urban/masks_png/4103.png
Val/Urban/images_png/4104.png	Val/Urban/masks_png/4104.png
Val/Urban/images_png/4105.png	Val/Urban/masks_png/4105.png
Val/Urban/images_png/4106.png	Val/Urban/masks_png/4106.png
Val/Urban/images_png/4107.png	Val/Urban/masks_png/4107.png
Val/Urban/images_png/4108.png	Val/Urban/masks_png/4108.png
Val/Urban/images_png/4109.png	Val/Urban/masks_png/4109.png
Val/Urban/images_png/4110.png	Val/Urban/masks_png/4110.png
Val/Urban/images_png/4111.png	Val/Urban/masks_png/4111.png
Val/Urban/images_png/4112.png	Val/Urban/masks_png/4112.png
Val/Urban/images_png/4113.png	Val/Urban/masks_png/4113.png
Val/Urban/images_png/4114.png	Val/Urban/masks_png/4114.png
Val/Urban/images_png/4115.png	Val/Urban/masks_png/4115.png
Val/Urban/images_png/4116.png	Val/Urban/masks_png/4116.png
Val/Urban/images_png/4117.png	Val/Urban/masks_png/4117.png
Val/Urban/images_png/4118.png	Val/Urban/masks_png/4118.png
Val/Urban/images_png/4119.png	Val/Urban/masks_png/4119.png
Val/Urban/images_png/4120.png	Val/Urban/masks_png/4120.png
Val/Urban/images_png/4121.png	Val/Urban/masks_png/4121.png
Val/Urban/images_png/4122.png	Val/Urban/masks_png/4122.png
Val/Urban/images_png/4123.png	Val/Urban/masks_png/4123.png
Val/Urban/images_png/4124.png	Val/Urban/masks_png/4124.png
Val/Urban/images_png/4125.png	Val/Urban/masks_png/4125.png
Val/Urban/images_png/4126.png	Val/Urban/masks_png/4126.png
Val/Urban/images_png/4127.png	Val/Urban/masks_png/4127.png
Val/Urban/images_png/4128.png	Val/Urban/masks_png/4128.png
Val/Urban/images_png/4129.png	Val/Urban/masks_png/4129.png
Val/Urban/images_png/4130.png	Val/Urban/masks_png/4130.png
Val/Urban/images_png/4131.png	Val/Urban/masks_png/4131.png
Val/Urban/images_png/4132.png	Val/Urban/masks_png/4132.png
Val/Urban/images_png/4133.png	Val/Urban/masks_png/4133.png
Val/Urban/images_png/4134.png	Val/Urban/masks_png/4134.png
Val/Urban/images_png/4135.png	Val/Urban/masks_png/4135.png
Val/Urban/images_png/4136.png	Val/Urban/masks_png/4136.png
Val/Urban/images_png/4137.png	Val/Urban/masks_png/4137.png
Val/Urban/images_png/4138.png	Val/Urban/masks_png/4138.png
Val/Urban/images_png/4139.png	Val/Urban/masks_png/4139.png
Val/Urban/images_png/4140.png	Val/Urban/masks_png/4140.png
Val/Urban/images_png/4141.png	Val/Urban/masks_png/4141.png
Val/Urban/images_png/4142.png	Val/Urban/masks_png/4142.png
Val/Urban/images_png/4143.png	Val/Urban/masks_png/4143.png
Val/Urban/images_png/4144.png	Val/Urban/masks_png/4144.png
Val/Urban/images_png/4145.png	Val/Urban/masks_png/4145.png
Val/Urban/images_png/4146.png	Val/Urban/masks_png/4146.png
Val/Urban/images_png/4147.png	Val/Urban/masks_png/4147.png
Val/Urban/images_png/4148.png	Val/Urban/masks_png/4148.png
Val/Urban/images_png/4149.png	Val/Urban/masks_png/4149.png
Val/Urban/images_png/4150.png	Val/Urban/masks_png/4150.png
Val/Urban/images_png/4151.png	Val/Urban/masks_png/4151.png
Val/Urban/images_png/4152.png	Val/Urban/masks_png/4152.png
Val/Urban/images_png/4153.png	Val/Urban/masks_png/4153.png
Val/Urban/images_png/4154.png	Val/Urban/masks_png/4154.png
Val/Urban/images_png/4155.png	Val/Urban/masks_png/4155.png
Val/Urban/images_png/4156.png	Val/Urban/masks_png/4156.png
Val/Urban/images_png/4157.png	Val/Urban/masks_png/4157.png
Val/Urban/images_png/4158.png	Val/Urban/masks_png/4158.png
Val/Urban/images_png/4159.png	Val/Urban/masks_png/4159.png
Val/Urban/images_png/4160.png	Val/Urban/masks_png/4160.png
Val/Urban/images_png/4161.png	Val/Urban/masks_png/4161.png
Val/Urban/images_png/4162.png	Val/Urban/masks_png/4162.png
Val/Urban/images_png/4163.png	Val/Urban/masks_png/4163.png
Val/Urban/images_png/4164.png	Val/Urban/masks_png/4164.png
Val/Urban/images_png/4165.png	Val/Urban/masks_png/4165.png
Val/Urban/images_png/4166.png	Val/Urban/masks_png/4166.png
Val/Urban/images_png/4167.png	Val/Urban/masks_png/4167.png
Val/Urban/images_png/4168.png	Val/Urban/masks_png/4168.png
Val/Urban/images_png/4169.png	Val/Urban/masks_png/4169.png
Val/Urban/images_png/4170.png	Val/Urban/masks_png/4170.png
Val/Urban/images_png/4171.png	Val/Urban/masks_png/4171.png
Val/Urban/images_png/4172.png	Val/Urban/masks_png/4172.png
Val/Urban/images_png/4173.png	Val/Urban/masks_png/4173.png
Val/Urban/images_png/4174.png	Val/Urban/masks_png/4174.png
Val/Urban/images_png/4175.png	Val/Urban/masks_png/4175.png
Val/Urban/images_png/4176.png	Val/Urban/masks_png/4176.png
Val/Urban/images_png/4177.png	Val/Urban/masks_png/4177.png
Val/Urban/images_png/4178.png	Val/Urban/masks_png/4178.png
Val/Urban/images_png/4179.png	Val/Urban/masks_png/4179.png
Val/Urban/images_png/4180.png	Val/Urban/masks_png/4180.png
Val/Urban/images_png/4181.png	Val/Urban/masks_png/4181.png
Val/Urban/images_png/4182.png	Val/Urban/masks_png/4182.png
Val/Urban/images_png/4183.png	Val/Urban/masks_png/4183.png
Val/Urban/images_png/4184.png	Val/Urban/masks_png/4184.png
Val/Urban/images_png/4185.png	Val/Urban/masks_png/4185.png
Val/Urban/images_png/4186.png	Val/Urban/masks_png/4186.png
Val/Urban/images_png/4187.png	Val/Urban/masks_png/4187.png
Val/Urban/images_png/4188.png	Val/Urban/masks_png/4188.png
Val/Urban/images_png/4189.png	Val/Urban/masks_png/4189.png
Val/Urban/images_png/4190.png	Val/Urban/masks_png/4190.png
