Test/Urban/images_png/5167.png
Test/Urban/images_png/5168.png
Test/Urban/images_png/5169.png
Test/Urban/images_png/5170.png
Test/Urban/images_png/5171.png
Test/Urban/images_png/5172.png
Test/Urban/images_png/5173.png
Test/Urban/images_png/5174.png
Test/Urban/images_png/5175.png
Test/Urban/images_png/5176.png
Test/Urban/images_png/5177.png
Test/Urban/images_png/5178.png
Test/Urban/images_png/5179.png
Test/Urban/images_png/5180.png
Test/Urban/images_png/5181.png
Test/Urban/images_png/5182.png
Test/Urban/images_png/5183.png
Test/Urban/images_png/5184.png
Test/Urban/images_png/5185.png
Test/Urban/images_png/5186.png
Test/Urban/images_png/5187.png
Test/Urban/images_png/5188.png
Test/Urban/images_png/5189.png
Test/Urban/images_png/5190.png
Test/Urban/images_png/5191.png
Test/Urban/images_png/5192.png
Test/Urban/images_png/5193.png
Test/Urban/images_png/5194.png
Test/Urban/images_png/5195.png
Test/Urban/images_png/5196.png
Test/Urban/images_png/5197.png
Test/Urban/images_png/5198.png
Test/Urban/images_png/5199.png
Test/Urban/images_png/5200.png
Test/Urban/images_png/5201.png
Test/Urban/images_png/5202.png
Test/Urban/images_png/5203.png
Test/Urban/images_png/5204.png
Test/Urban/images_png/5205.png
Test/Urban/images_png/5206.png
Test/Urban/images_png/5207.png
Test/Urban/images_png/5208.png
Test/Urban/images_png/5209.png
Test/Urban/images_png/5210.png
Test/Urban/images_png/5211.png
Test/Urban/images_png/5212.png
Test/Urban/images_png/5213.png
Test/Urban/images_png/5214.png
Test/Urban/images_png/5215.png
Test/Urban/images_png/5216.png
Test/Urban/images_png/5217.png
Test/Urban/images_png/5218.png
Test/Urban/images_png/5219.png
Test/Urban/images_png/5220.png
Test/Urban/images_png/5221.png
Test/Urban/images_png/5222.png
Test/Urban/images_png/5223.png
Test/Urban/images_png/5224.png
Test/Urban/images_png/5225.png
Test/Urban/images_png/5226.png
Test/Urban/images_png/5227.png
Test/Urban/images_png/5228.png
Test/Urban/images_png/5229.png
Test/Urban/images_png/5230.png
Test/Urban/images_png/5231.png
Test/Urban/images_png/5232.png
Test/Urban/images_png/5233.png
Test/Urban/images_png/5234.png
Test/Urban/images_png/5235.png
Test/Urban/images_png/5236.png
Test/Urban/images_png/5237.png
Test/Urban/images_png/5238.png
Test/Urban/images_png/5239.png
Test/Urban/images_png/5240.png
Test/Urban/images_png/5241.png
Test/Urban/images_png/5242.png
Test/Urban/images_png/5243.png
Test/Urban/images_png/5244.png
Test/Urban/images_png/5245.png
Test/Urban/images_png/5246.png
Test/Urban/images_png/5247.png
Test/Urban/images_png/5248.png
Test/Urban/images_png/5249.png
Test/Urban/images_png/5250.png
Test/Urban/images_png/5251.png
Test/Urban/images_png/5252.png
Test/Urban/images_png/5253.png
Test/Urban/images_png/5254.png
Test/Urban/images_png/5255.png
Test/Urban/images_png/5256.png
Test/Urban/images_png/5257.png
Test/Urban/images_png/5258.png
Test/Urban/images_png/5259.png
Test/Urban/images_png/5260.png
Test/Urban/images_png/5261.png
Test/Urban/images_png/5262.png
Test/Urban/images_png/5263.png
Test/Urban/images_png/5264.png
Test/Urban/images_png/5265.png
Test/Urban/images_png/5266.png
Test/Urban/images_png/5267.png
Test/Urban/images_png/5268.png
Test/Urban/images_png/5269.png
Test/Urban/images_png/5270.png
Test/Urban/images_png/5271.png
Test/Urban/images_png/5272.png
Test/Urban/images_png/5273.png
Test/Urban/images_png/5274.png
Test/Urban/images_png/5275.png
Test/Urban/images_png/5276.png
Test/Urban/images_png/5277.png
Test/Urban/images_png/5278.png
Test/Urban/images_png/5279.png
Test/Urban/images_png/5280.png
Test/Urban/images_png/5281.png
Test/Urban/images_png/5282.png
Test/Urban/images_png/5283.png
Test/Urban/images_png/5284.png
Test/Urban/images_png/5285.png
Test/Urban/images_png/5286.png
Test/Urban/images_png/5287.png
Test/Urban/images_png/5288.png
Test/Urban/images_png/5289.png
Test/Urban/images_png/5290.png
Test/Urban/images_png/5291.png
Test/Urban/images_png/5292.png
Test/Urban/images_png/5293.png
Test/Urban/images_png/5294.png
Test/Urban/images_png/5295.png
Test/Urban/images_png/5296.png
Test/Urban/images_png/5297.png
Test/Urban/images_png/5298.png
Test/Urban/images_png/5299.png
Test/Urban/images_png/5300.png
Test/Urban/images_png/5301.png
Test/Urban/images_png/5302.png
Test/Urban/images_png/5303.png
Test/Urban/images_png/5304.png
Test/Urban/images_png/5305.png
Test/Urban/images_png/5306.png
Test/Urban/images_png/5307.png
Test/Urban/images_png/5308.png
Test/Urban/images_png/5309.png
Test/Urban/images_png/5310.png
Test/Urban/images_png/5311.png
Test/Urban/images_png/5312.png
Test/Urban/images_png/5313.png
Test/Urban/images_png/5314.png
Test/Urban/images_png/5315.png
Test/Urban/images_png/5316.png
Test/Urban/images_png/5317.png
Test/Urban/images_png/5318.png
Test/Urban/images_png/5319.png
Test/Urban/images_png/5320.png
Test/Urban/images_png/5321.png
Test/Urban/images_png/5322.png
Test/Urban/images_png/5323.png
Test/Urban/images_png/5324.png
Test/Urban/images_png/5325.png
Test/Urban/images_png/5326.png
Test/Urban/images_png/5327.png
Test/Urban/images_png/5328.png
Test/Urban/images_png/5329.png
Test/Urban/images_png/5330.png
Test/Urban/images_png/5331.png
Test/Urban/images_png/5332.png
Test/Urban/images_png/5333.png
Test/Urban/images_png/5334.png
Test/Urban/images_png/5335.png
Test/Urban/images_png/5336.png
Test/Urban/images_png/5337.png
Test/Urban/images_png/5338.png
Test/Urban/images_png/5339.png
Test/Urban/images_png/5340.png
Test/Urban/images_png/5341.png
Test/Urban/images_png/5342.png
Test/Urban/images_png/5343.png
Test/Urban/images_png/5344.png
Test/Urban/images_png/5345.png
Test/Urban/images_png/5346.png
Test/Urban/images_png/5347.png
Test/Urban/images_png/5348.png
Test/Urban/images_png/5349.png
Test/Urban/images_png/5350.png
Test/Urban/images_png/5351.png
Test/Urban/images_png/5352.png
Test/Urban/images_png/5353.png
Test/Urban/images_png/5354.png
Test/Urban/images_png/5355.png
Test/Urban/images_png/5356.png
Test/Urban/images_png/5357.png
Test/Urban/images_png/5358.png
Test/Urban/images_png/5359.png
Test/Urban/images_png/5360.png
Test/Urban/images_png/5361.png
Test/Urban/images_png/5362.png
Test/Urban/images_png/5363.png
Test/Urban/images_png/5364.png
Test/Urban/images_png/5365.png
Test/Urban/images_png/5366.png
Test/Urban/images_png/5367.png
Test/Urban/images_png/5368.png
Test/Urban/images_png/5369.png
Test/Urban/images_png/5370.png
Test/Urban/images_png/5371.png
Test/Urban/images_png/5372.png
Test/Urban/images_png/5373.png
Test/Urban/images_png/5374.png
Test/Urban/images_png/5375.png
Test/Urban/images_png/5376.png
Test/Urban/images_png/5377.png
Test/Urban/images_png/5378.png
Test/Urban/images_png/5379.png
Test/Urban/images_png/5380.png
Test/Urban/images_png/5381.png
Test/Urban/images_png/5382.png
Test/Urban/images_png/5383.png
Test/Urban/images_png/5384.png
Test/Urban/images_png/5385.png
Test/Urban/images_png/5386.png
Test/Urban/images_png/5387.png
Test/Urban/images_png/5388.png
Test/Urban/images_png/5389.png
Test/Urban/images_png/5390.png
Test/Urban/images_png/5391.png
Test/Urban/images_png/5392.png
Test/Urban/images_png/5393.png
Test/Urban/images_png/5394.png
Test/Urban/images_png/5395.png
Test/Urban/images_png/5396.png
Test/Urban/images_png/5397.png
Test/Urban/images_png/5398.png
Test/Urban/images_png/5399.png
Test/Urban/images_png/5400.png
Test/Urban/images_png/5401.png
Test/Urban/images_png/5402.png
Test/Urban/images_png/5403.png
Test/Urban/images_png/5404.png
Test/Urban/images_png/5405.png
Test/Urban/images_png/5406.png
Test/Urban/images_png/5407.png
Test/Urban/images_png/5408.png
Test/Urban/images_png/5409.png
Test/Urban/images_png/5410.png
Test/Urban/images_png/5411.png
Test/Urban/images_png/5412.png
Test/Urban/images_png/5413.png
Test/Urban/images_png/5414.png
Test/Urban/images_png/5415.png
Test/Urban/images_png/5416.png
Test/Urban/images_png/5417.png
Test/Urban/images_png/5418.png
Test/Urban/images_png/5419.png
Test/Urban/images_png/5420.png
Test/Urban/images_png/5421.png
Test/Urban/images_png/5422.png
Test/Urban/images_png/5423.png
Test/Urban/images_png/5424.png
Test/Urban/images_png/5425.png
Test/Urban/images_png/5426.png
Test/Urban/images_png/5427.png
Test/Urban/images_png/5428.png
Test/Urban/images_png/5429.png
Test/Urban/images_png/5430.png
Test/Urban/images_png/5431.png
Test/Urban/images_png/5432.png
Test/Urban/images_png/5433.png
Test/Urban/images_png/5434.png
Test/Urban/images_png/5435.png
Test/Urban/images_png/5436.png
Test/Urban/images_png/5437.png
Test/Urban/images_png/5438.png
Test/Urban/images_png/5439.png
Test/Urban/images_png/5440.png
Test/Urban/images_png/5441.png
Test/Urban/images_png/5442.png
Test/Urban/images_png/5443.png
Test/Urban/images_png/5444.png
Test/Urban/images_png/5445.png
Test/Urban/images_png/5446.png
Test/Urban/images_png/5447.png
Test/Urban/images_png/5448.png
Test/Urban/images_png/5449.png
Test/Urban/images_png/5450.png
Test/Urban/images_png/5451.png
Test/Urban/images_png/5452.png
Test/Urban/images_png/5453.png
Test/Urban/images_png/5454.png
Test/Urban/images_png/5455.png
Test/Urban/images_png/5456.png
Test/Urban/images_png/5457.png
Test/Urban/images_png/5458.png
Test/Urban/images_png/5459.png
Test/Urban/images_png/5460.png
Test/Urban/images_png/5461.png
Test/Urban/images_png/5462.png
Test/Urban/images_png/5463.png
Test/Urban/images_png/5464.png
Test/Urban/images_png/5465.png
Test/Urban/images_png/5466.png
Test/Urban/images_png/5467.png
Test/Urban/images_png/5468.png
Test/Urban/images_png/5469.png
Test/Urban/images_png/5470.png
Test/Urban/images_png/5471.png
Test/Urban/images_png/5472.png
Test/Urban/images_png/5473.png
Test/Urban/images_png/5474.png
Test/Urban/images_png/5475.png
Test/Urban/images_png/5476.png
Test/Urban/images_png/5477.png
Test/Urban/images_png/5478.png
Test/Urban/images_png/5479.png
Test/Urban/images_png/5480.png
Test/Urban/images_png/5481.png
Test/Urban/images_png/5482.png
Test/Urban/images_png/5483.png
Test/Urban/images_png/5484.png
Test/Urban/images_png/5485.png
Test/Urban/images_png/5486.png
Test/Urban/images_png/5487.png
Test/Urban/images_png/5488.png
Test/Urban/images_png/5489.png
Test/Urban/images_png/5490.png
Test/Urban/images_png/5491.png
Test/Urban/images_png/5492.png
Test/Urban/images_png/5493.png
Test/Urban/images_png/5494.png
Test/Urban/images_png/5495.png
Test/Urban/images_png/5496.png
Test/Urban/images_png/5497.png
Test/Urban/images_png/5498.png
Test/Urban/images_png/5499.png
Test/Urban/images_png/5500.png
Test/Urban/images_png/5501.png
Test/Urban/images_png/5502.png
Test/Urban/images_png/5503.png
Test/Urban/images_png/5504.png
Test/Urban/images_png/5505.png
Test/Urban/images_png/5506.png
Test/Urban/images_png/5507.png
Test/Urban/images_png/5508.png
Test/Urban/images_png/5509.png
Test/Urban/images_png/5510.png
Test/Urban/images_png/5511.png
Test/Urban/images_png/5512.png
Test/Urban/images_png/5513.png
Test/Urban/images_png/5514.png
Test/Urban/images_png/5515.png
Test/Urban/images_png/5516.png
Test/Urban/images_png/5517.png
Test/Urban/images_png/5518.png
Test/Urban/images_png/5519.png
Test/Urban/images_png/5520.png
Test/Urban/images_png/5521.png
Test/Urban/images_png/5522.png
Test/Urban/images_png/5523.png
Test/Urban/images_png/5524.png
Test/Urban/images_png/5525.png
Test/Urban/images_png/5526.png
Test/Urban/images_png/5527.png
Test/Urban/images_png/5528.png
Test/Urban/images_png/5529.png
Test/Urban/images_png/5530.png
Test/Urban/images_png/5531.png
Test/Urban/images_png/5532.png
Test/Urban/images_png/5533.png
Test/Urban/images_png/5534.png
Test/Urban/images_png/5535.png
Test/Urban/images_png/5536.png
Test/Urban/images_png/5537.png
Test/Urban/images_png/5538.png
Test/Urban/images_png/5539.png
Test/Urban/images_png/5540.png
Test/Urban/images_png/5541.png
Test/Urban/images_png/5542.png
Test/Urban/images_png/5543.png
Test/Urban/images_png/5544.png
Test/Urban/images_png/5545.png
Test/Urban/images_png/5546.png
Test/Urban/images_png/5547.png
Test/Urban/images_png/5548.png
Test/Urban/images_png/5549.png
Test/Urban/images_png/5550.png
Test/Urban/images_png/5551.png
Test/Urban/images_png/5552.png
Test/Urban/images_png/5553.png
Test/Urban/images_png/5554.png
Test/Urban/images_png/5555.png
Test/Urban/images_png/5556.png
Test/Urban/images_png/5557.png
Test/Urban/images_png/5558.png
Test/Urban/images_png/5559.png
Test/Urban/images_png/5560.png
Test/Urban/images_png/5561.png
Test/Urban/images_png/5562.png
Test/Urban/images_png/5563.png
Test/Urban/images_png/5564.png
Test/Urban/images_png/5565.png
Test/Urban/images_png/5566.png
Test/Urban/images_png/5567.png
Test/Urban/images_png/5568.png
Test/Urban/images_png/5569.png
Test/Urban/images_png/5570.png
Test/Urban/images_png/5571.png
Test/Urban/images_png/5572.png
Test/Urban/images_png/5573.png
Test/Urban/images_png/5574.png
Test/Urban/images_png/5575.png
Test/Urban/images_png/5576.png
Test/Urban/images_png/5577.png
Test/Urban/images_png/5578.png
Test/Urban/images_png/5579.png
Test/Urban/images_png/5580.png
Test/Urban/images_png/5581.png
Test/Urban/images_png/5582.png
Test/Urban/images_png/5583.png
Test/Urban/images_png/5584.png
Test/Urban/images_png/5585.png
Test/Urban/images_png/5586.png
Test/Urban/images_png/5587.png
Test/Urban/images_png/5588.png
Test/Urban/images_png/5589.png
Test/Urban/images_png/5590.png
Test/Urban/images_png/5591.png
Test/Urban/images_png/5592.png
Test/Urban/images_png/5593.png
Test/Urban/images_png/5594.png
Test/Urban/images_png/5595.png
Test/Urban/images_png/5596.png
Test/Urban/images_png/5597.png
Test/Urban/images_png/5598.png
Test/Urban/images_png/5599.png
Test/Urban/images_png/5600.png
Test/Urban/images_png/5601.png
Test/Urban/images_png/5602.png
Test/Urban/images_png/5603.png
Test/Urban/images_png/5604.png
Test/Urban/images_png/5605.png
Test/Urban/images_png/5606.png
Test/Urban/images_png/5607.png
Test/Urban/images_png/5608.png
Test/Urban/images_png/5609.png
Test/Urban/images_png/5610.png
Test/Urban/images_png/5611.png
Test/Urban/images_png/5612.png
Test/Urban/images_png/5613.png
Test/Urban/images_png/5614.png
Test/Urban/images_png/5615.png
Test/Urban/images_png/5616.png
Test/Urban/images_png/5617.png
Test/Urban/images_png/5618.png
Test/Urban/images_png/5619.png
Test/Urban/images_png/5620.png
Test/Urban/images_png/5621.png
Test/Urban/images_png/5622.png
Test/Urban/images_png/5623.png
Test/Urban/images_png/5624.png
Test/Urban/images_png/5625.png
Test/Urban/images_png/5626.png
Test/Urban/images_png/5627.png
Test/Urban/images_png/5628.png
Test/Urban/images_png/5629.png
Test/Urban/images_png/5630.png
Test/Urban/images_png/5631.png
Test/Urban/images_png/5632.png
Test/Urban/images_png/5633.png
Test/Urban/images_png/5634.png
Test/Urban/images_png/5635.png
Test/Urban/images_png/5636.png
Test/Urban/images_png/5637.png
Test/Urban/images_png/5638.png
Test/Urban/images_png/5639.png
Test/Urban/images_png/5640.png
Test/Urban/images_png/5641.png
Test/Urban/images_png/5642.png
Test/Urban/images_png/5643.png
Test/Urban/images_png/5644.png
Test/Urban/images_png/5645.png
Test/Urban/images_png/5646.png
Test/Urban/images_png/5647.png
Test/Urban/images_png/5648.png
Test/Urban/images_png/5649.png
Test/Urban/images_png/5650.png
Test/Urban/images_png/5651.png
Test/Urban/images_png/5652.png
Test/Urban/images_png/5653.png
Test/Urban/images_png/5654.png
Test/Urban/images_png/5655.png
Test/Urban/images_png/5656.png
Test/Urban/images_png/5657.png
Test/Urban/images_png/5658.png
Test/Urban/images_png/5659.png
Test/Urban/images_png/5660.png
Test/Urban/images_png/5661.png
Test/Urban/images_png/5662.png
Test/Urban/images_png/5663.png
Test/Urban/images_png/5664.png
Test/Urban/images_png/5665.png
Test/Urban/images_png/5666.png
Test/Urban/images_png/5667.png
Test/Urban/images_png/5668.png
Test/Urban/images_png/5669.png
Test/Urban/images_png/5670.png
Test/Urban/images_png/5671.png
Test/Urban/images_png/5672.png
Test/Urban/images_png/5673.png
Test/Urban/images_png/5674.png
Test/Urban/images_png/5675.png
Test/Urban/images_png/5676.png
Test/Urban/images_png/5677.png
Test/Urban/images_png/5678.png
Test/Urban/images_png/5679.png
Test/Urban/images_png/5680.png
Test/Urban/images_png/5681.png
Test/Urban/images_png/5682.png
Test/Urban/images_png/5683.png
Test/Urban/images_png/5684.png
Test/Urban/images_png/5685.png
Test/Urban/images_png/5686.png
Test/Urban/images_png/5687.png
Test/Urban/images_png/5688.png
Test/Urban/images_png/5689.png
Test/Urban/images_png/5690.png
Test/Urban/images_png/5691.png
Test/Urban/images_png/5692.png
Test/Urban/images_png/5693.png
Test/Urban/images_png/5694.png
Test/Urban/images_png/5695.png
Test/Urban/images_png/5696.png
Test/Urban/images_png/5697.png
Test/Urban/images_png/5698.png
Test/Urban/images_png/5699.png
Test/Urban/images_png/5700.png
Test/Urban/images_png/5701.png
Test/Urban/images_png/5702.png
Test/Urban/images_png/5703.png
Test/Urban/images_png/5704.png
Test/Urban/images_png/5705.png
Test/Urban/images_png/5706.png
Test/Urban/images_png/5707.png
Test/Urban/images_png/5708.png
Test/Urban/images_png/5709.png
Test/Urban/images_png/5710.png
Test/Urban/images_png/5711.png
Test/Urban/images_png/5712.png
Test/Urban/images_png/5713.png
Test/Urban/images_png/5714.png
Test/Urban/images_png/5715.png
Test/Urban/images_png/5716.png
Test/Urban/images_png/5717.png
Test/Urban/images_png/5718.png
Test/Urban/images_png/5719.png
Test/Urban/images_png/5720.png
Test/Urban/images_png/5721.png
Test/Urban/images_png/5722.png
Test/Urban/images_png/5723.png
Test/Urban/images_png/5724.png
Test/Urban/images_png/5725.png
Test/Urban/images_png/5726.png
Test/Urban/images_png/5727.png
Test/Urban/images_png/5728.png
Test/Urban/images_png/5729.png
Test/Urban/images_png/5730.png
Test/Urban/images_png/5731.png
Test/Urban/images_png/5732.png
Test/Urban/images_png/5733.png
Test/Urban/images_png/5734.png
Test/Urban/images_png/5735.png
Test/Urban/images_png/5736.png
Test/Urban/images_png/5737.png
Test/Urban/images_png/5738.png
Test/Urban/images_png/5739.png
Test/Urban/images_png/5740.png
Test/Urban/images_png/5741.png
Test/Urban/images_png/5742.png
Test/Urban/images_png/5743.png
Test/Urban/images_png/5744.png
Test/Urban/images_png/5745.png
Test/Urban/images_png/5746.png
Test/Urban/images_png/5747.png
Test/Urban/images_png/5748.png
Test/Urban/images_png/5749.png
Test/Urban/images_png/5750.png
Test/Urban/images_png/5751.png
Test/Urban/images_png/5752.png
Test/Urban/images_png/5753.png
Test/Urban/images_png/5754.png
Test/Urban/images_png/5755.png
Test/Urban/images_png/5756.png
Test/Urban/images_png/5757.png
Test/Urban/images_png/5758.png
Test/Urban/images_png/5759.png
Test/Urban/images_png/5760.png
Test/Urban/images_png/5761.png
Test/Urban/images_png/5762.png
Test/Urban/images_png/5763.png
Test/Urban/images_png/5764.png
Test/Urban/images_png/5765.png
Test/Urban/images_png/5766.png
Test/Urban/images_png/5767.png
Test/Urban/images_png/5768.png
Test/Urban/images_png/5769.png
Test/Urban/images_png/5770.png
Test/Urban/images_png/5771.png
Test/Urban/images_png/5772.png
Test/Urban/images_png/5773.png
Test/Urban/images_png/5774.png
Test/Urban/images_png/5775.png
Test/Urban/images_png/5776.png
Test/Urban/images_png/5777.png
Test/Urban/images_png/5778.png
Test/Urban/images_png/5779.png
Test/Urban/images_png/5780.png
Test/Urban/images_png/5781.png
Test/Urban/images_png/5782.png
Test/Urban/images_png/5783.png
Test/Urban/images_png/5784.png
Test/Urban/images_png/5785.png
Test/Urban/images_png/5786.png
Test/Urban/images_png/5787.png
Test/Urban/images_png/5788.png
Test/Urban/images_png/5789.png
Test/Urban/images_png/5790.png
Test/Urban/images_png/5791.png
Test/Urban/images_png/5792.png
Test/Urban/images_png/5793.png
Test/Urban/images_png/5794.png
Test/Urban/images_png/5795.png
Test/Urban/images_png/5796.png
Test/Urban/images_png/5797.png
Test/Urban/images_png/5798.png
Test/Urban/images_png/5799.png
Test/Urban/images_png/5800.png
Test/Urban/images_png/5801.png
Test/Urban/images_png/5802.png
Test/Urban/images_png/5803.png
Test/Urban/images_png/5804.png
Test/Urban/images_png/5805.png
Test/Urban/images_png/5806.png
Test/Urban/images_png/5807.png
Test/Urban/images_png/5808.png
Test/Urban/images_png/5809.png
Test/Urban/images_png/5810.png
Test/Urban/images_png/5811.png
Test/Urban/images_png/5812.png
Test/Urban/images_png/5813.png
Test/Urban/images_png/5814.png
Test/Urban/images_png/5815.png
Test/Urban/images_png/5816.png
Test/Urban/images_png/5817.png
Test/Urban/images_png/5818.png
Test/Urban/images_png/5819.png
Test/Urban/images_png/5820.png
Test/Urban/images_png/5821.png
Test/Urban/images_png/5822.png
Test/Urban/images_png/5823.png
Test/Urban/images_png/5824.png
Test/Urban/images_png/5825.png
Test/Urban/images_png/5826.png
Test/Urban/images_png/5827.png
Test/Urban/images_png/5828.png
Test/Urban/images_png/5829.png
Test/Urban/images_png/5830.png
Test/Urban/images_png/5831.png
Test/Urban/images_png/5832.png
Test/Urban/images_png/5833.png
Test/Urban/images_png/5834.png
Test/Urban/images_png/5835.png
Test/Urban/images_png/5836.png
Test/Urban/images_png/5837.png
Test/Urban/images_png/5838.png
Test/Urban/images_png/5839.png
Test/Urban/images_png/5840.png
Test/Urban/images_png/5841.png
Test/Urban/images_png/5842.png
Test/Urban/images_png/5843.png
Test/Urban/images_png/5844.png
Test/Urban/images_png/5845.png
Test/Urban/images_png/5846.png
Test/Urban/images_png/5847.png
Test/Urban/images_png/5848.png
Test/Urban/images_png/5849.png
Test/Urban/images_png/5850.png
Test/Urban/images_png/5851.png
Test/Urban/images_png/5852.png
Test/Urban/images_png/5853.png
Test/Urban/images_png/5854.png
Test/Urban/images_png/5855.png
Test/Urban/images_png/5856.png
Test/Urban/images_png/5857.png
Test/Urban/images_png/5858.png
Test/Urban/images_png/5859.png
Test/Urban/images_png/5860.png
Test/Urban/images_png/5861.png
Test/Urban/images_png/5862.png
Test/Urban/images_png/5863.png
Test/Urban/images_png/5864.png
Test/Urban/images_png/5865.png
Test/Urban/images_png/5866.png
Test/Urban/images_png/5867.png
Test/Urban/images_png/5868.png
Test/Urban/images_png/5869.png
Test/Urban/images_png/5870.png
Test/Urban/images_png/5871.png
Test/Urban/images_png/5872.png
Test/Urban/images_png/5873.png
Test/Urban/images_png/5874.png
Test/Urban/images_png/5875.png
Test/Urban/images_png/5876.png
Test/Urban/images_png/5877.png
Test/Urban/images_png/5878.png
Test/Urban/images_png/5879.png
Test/Urban/images_png/5880.png
Test/Urban/images_png/5881.png
Test/Urban/images_png/5882.png
Test/Urban/images_png/5883.png
Test/Urban/images_png/5884.png
Test/Urban/images_png/5885.png
Test/Urban/images_png/5886.png
Test/Urban/images_png/5887.png
Test/Urban/images_png/5888.png
Test/Urban/images_png/5889.png
Test/Urban/images_png/5890.png
Test/Urban/images_png/5891.png
Test/Urban/images_png/5892.png
Test/Urban/images_png/5893.png
Test/Urban/images_png/5894.png
Test/Urban/images_png/5895.png
Test/Urban/images_png/5896.png
Test/Urban/images_png/5897.png
Test/Urban/images_png/5898.png
Test/Urban/images_png/5899.png
Test/Urban/images_png/5900.png
Test/Urban/images_png/5901.png
Test/Urban/images_png/5902.png
Test/Urban/images_png/5903.png
Test/Urban/images_png/5904.png
Test/Urban/images_png/5905.png
Test/Urban/images_png/5906.png
Test/Urban/images_png/5907.png
Test/Urban/images_png/5908.png
Test/Urban/images_png/5909.png
Test/Urban/images_png/5910.png
Test/Urban/images_png/5911.png
Test/Urban/images_png/5912.png
Test/Urban/images_png/5913.png
Test/Urban/images_png/5914.png
Test/Urban/images_png/5915.png
Test/Urban/images_png/5916.png
Test/Urban/images_png/5917.png
Test/Urban/images_png/5918.png
Test/Urban/images_png/5919.png
Test/Urban/images_png/5920.png
Test/Urban/images_png/5921.png
Test/Urban/images_png/5922.png
Test/Urban/images_png/5923.png
Test/Urban/images_png/5924.png
Test/Urban/images_png/5925.png
Test/Urban/images_png/5926.png
Test/Urban/images_png/5927.png
Test/Urban/images_png/5928.png
Test/Urban/images_png/5929.png
Test/Urban/images_png/5930.png
Test/Urban/images_png/5931.png
Test/Urban/images_png/5932.png
Test/Urban/images_png/5933.png
Test/Urban/images_png/5934.png
Test/Urban/images_png/5935.png
Test/Urban/images_png/5936.png
Test/Urban/images_png/5937.png
Test/Urban/images_png/5938.png
Test/Urban/images_png/5939.png
Test/Urban/images_png/5940.png
Test/Urban/images_png/5941.png
Test/Urban/images_png/5942.png
Test/Urban/images_png/5943.png
Test/Urban/images_png/5944.png
Test/Urban/images_png/5945.png
Test/Urban/images_png/5946.png
Test/Urban/images_png/5947.png
Test/Urban/images_png/5948.png
Test/Urban/images_png/5949.png
Test/Urban/images_png/5950.png
Test/Urban/images_png/5951.png
Test/Urban/images_png/5952.png
Test/Urban/images_png/5953.png
Test/Urban/images_png/5954.png
Test/Urban/images_png/5955.png
Test/Urban/images_png/5956.png
Test/Urban/images_png/5957.png
Test/Urban/images_png/5958.png
Test/Urban/images_png/5959.png
Test/Urban/images_png/5960.png
Test/Urban/images_png/5961.png
Test/Urban/images_png/5962.png
Test/Urban/images_png/5963.png
Test/Urban/images_png/5964.png
Test/Urban/images_png/5965.png
Test/Urban/images_png/5966.png
Test/Urban/images_png/5967.png
Test/Urban/images_png/5968.png
Test/Urban/images_png/5969.png
Test/Urban/images_png/5970.png
Test/Urban/images_png/5971.png
Test/Urban/images_png/5972.png
Test/Urban/images_png/5973.png
Test/Urban/images_png/5974.png
Test/Urban/images_png/5975.png
Test/Urban/images_png/5976.png
Test/Urban/images_png/5977.png
Test/Urban/images_png/5978.png
Test/Urban/images_png/5979.png
Test/Urban/images_png/5980.png
Test/Urban/images_png/5981.png
Test/Urban/images_png/5982.png
Test/Urban/images_png/5983.png
Test/Urban/images_png/5984.png
Test/Urban/images_png/5985.png
Test/Urban/images_png/5986.png
